0 verbose cli /home/jermeine/.nvm/versions/node/v24.18.0/bin/node /home/jermeine/.nvm/versions/node/v24.18.0/bin/npm
1 info using npm@11.16.0
2 info using node@v24.18.0
3 silly config load:file:/home/jermeine/.nvm/versions/node/v24.18.0/lib/node_modules/npm/npmrc
4 silly config load:file:/home/jermeine/Documentos/UI/sorteo-app/.npmrc
5 silly config load:file:/home/jermeine/Documentos/UI/sorteo-app/.npm-home/.npmrc
6 silly config load:file:/home/jermeine/.nvm/versions/node/v24.18.0/etc/npmrc
7 verbose title npm install lucide-react-native@^1.31.0
8 verbose argv "install" "lucide-react-native@^1.31.0" "--save"
9 verbose logfile logs-max:10 dir:/home/jermeine/Documentos/UI/sorteo-app/.npm-cache/_logs/2026-08-13T05_00_49_584Z-
10 verbose logfile /home/jermeine/Documentos/UI/sorteo-app/.npm-cache/_logs/2026-08-13T05_00_49_584Z-debug-0.log
11 silly logfile done cleaning log files
12 silly packumentCache heap:2348810240 maxSize:587202560 maxEntrySize:293601280
13 silly idealTree buildDeps
14 silly fetch manifest lucide-react-native@^1.31.0
15 silly packumentCache full:https://registry.npmjs.org/lucide-react-native cache-miss
16 http fetch GET 200 https://registry.npmjs.org/lucide-react-native 1554ms (cache revalidated)
17 silly packumentCache full:https://registry.npmjs.org/lucide-react-native set size:1827619 disposed:false
18 silly fetch manifest react@19.2.3
19 silly packumentCache full:https://registry.npmjs.org/react cache-miss
20 http fetch GET 200 https://registry.npmjs.org/react 187ms (cache revalidated)
21 silly packumentCache full:https://registry.npmjs.org/react set size:6888185 disposed:false
22 silly fetch manifest react-native@0.86.2
23 silly packumentCache full:https://registry.npmjs.org/react-native cache-miss
24 http fetch GET 200 https://registry.npmjs.org/react-native 1020ms (cache updated)
25 silly packumentCache full:https://registry.npmjs.org/react-native set size:undefined disposed:false
26 silly fetch manifest @react-native/jest-preset@0.86.2
27 silly packumentCache full:https://registry.npmjs.org/@react-native%2fjest-preset cache-miss
28 http fetch GET 200 https://registry.npmjs.org/@react-native%2fjest-preset 131ms (cache revalidated)
29 silly packumentCache full:https://registry.npmjs.org/@react-native%2fjest-preset set size:345960 disposed:false
30 silly fetch manifest @types/react@~19.2.2
31 silly packumentCache full:https://registry.npmjs.org/@types%2freact cache-miss
32 http fetch GET 200 https://registry.npmjs.org/@types%2freact 111ms (cache revalidated)
33 silly packumentCache full:https://registry.npmjs.org/@types%2freact set size:2637439 disposed:false
34 silly fetch manifest react-native-svg@^12.0.0 || ^13.0.0 || ^14.0.0 || ^15.0.0
35 silly packumentCache full:https://registry.npmjs.org/react-native-svg cache-miss
36 http fetch GET 200 https://registry.npmjs.org/react-native-svg 118ms (cache revalidated)
37 silly packumentCache full:https://registry.npmjs.org/react-native-svg set size:793273 disposed:false
38 silly placeDep ROOT lucide-react-native@1.31.0 REPLACE for: sorteo-app@1.0.0 want: ^1.31.0
39 silly reify moves {}
40 silly audit bulk request {
40 silly audit   '@adobe/css-tools': [ '4.5.0' ],
40 silly audit   '@babel/code-frame': [ '7.29.7' ],
40 silly audit   '@babel/compat-data': [ '7.29.7' ],
40 silly audit   '@babel/core': [ '7.29.7' ],
40 silly audit   semver: [ '6.3.1', '7.8.5' ],
40 silly audit   '@babel/generator': [ '7.29.8' ],
40 silly audit   '@babel/helper-annotate-as-pure': [ '7.29.7' ],
40 silly audit   '@babel/helper-compilation-targets': [ '7.29.7' ],
40 silly audit   '@babel/helper-create-class-features-plugin': [ '7.29.7' ],
40 silly audit   '@babel/helper-create-regexp-features-plugin': [ '7.29.7' ],
40 silly audit   '@babel/helper-define-polyfill-provider': [ '0.6.8' ],
40 silly audit   '@babel/helper-globals': [ '7.29.7' ],
40 silly audit   '@babel/helper-member-expression-to-functions': [ '7.29.7' ],
40 silly audit   '@babel/helper-module-imports': [ '7.29.7' ],
40 silly audit   '@babel/helper-module-transforms': [ '7.29.7' ],
40 silly audit   '@babel/helper-optimise-call-expression': [ '7.29.7' ],
40 silly audit   '@babel/helper-plugin-utils': [ '7.29.7' ],
40 silly audit   '@babel/helper-remap-async-to-generator': [ '7.29.7' ],
40 silly audit   '@babel/helper-replace-supers': [ '7.29.7' ],
40 silly audit   '@babel/helper-skip-transparent-expression-wrappers': [ '7.29.7' ],
40 silly audit   '@babel/helper-string-parser': [ '7.29.7' ],
40 silly audit   '@babel/helper-validator-identifier': [ '7.29.7' ],
40 silly audit   '@babel/helper-validator-option': [ '7.29.7' ],
40 silly audit   '@babel/helper-wrap-function': [ '7.29.7' ],
40 silly audit   '@babel/helpers': [ '7.29.7' ],
40 silly audit   '@babel/parser': [ '7.29.8' ],
40 silly audit   '@babel/plugin-proposal-decorators': [ '7.29.7' ],
40 silly audit   '@babel/plugin-proposal-export-default-from': [ '7.29.7' ],
40 silly audit   '@babel/plugin-syntax-decorators': [ '7.29.7' ],
40 silly audit   '@babel/plugin-syntax-dynamic-import': [ '7.8.3' ],
40 silly audit   '@babel/plugin-syntax-export-default-from': [ '7.29.7' ],
40 silly audit   '@babel/plugin-syntax-flow': [ '7.29.7' ],
40 silly audit   '@babel/plugin-syntax-jsx': [ '7.29.7' ],
40 silly audit   '@babel/plugin-syntax-nullish-coalescing-operator': [ '7.8.3' ],
40 silly audit   '@babel/plugin-syntax-optional-chaining': [ '7.8.3' ],
40 silly audit   '@babel/plugin-syntax-typescript': [ '7.29.7' ],
40 silly audit   '@babel/plugin-transform-arrow-functions': [ '7.29.7' ],
40 silly audit   '@babel/plugin-transform-async-generator-functions': [ '7.29.7' ],
40 silly audit   '@babel/plugin-transform-async-to-generator': [ '7.29.7' ],
40 silly audit   '@babel/plugin-transform-block-scoping': [ '7.29.7' ],
40 silly audit   '@babel/plugin-transform-class-properties': [ '7.29.7' ],
40 silly audit   '@babel/plugin-transform-class-static-block': [ '7.29.7' ],
40 silly audit   '@babel/plugin-transform-classes': [ '7.29.7' ],
40 silly audit   '@babel/plugin-transform-destructuring': [ '7.29.7' ],
40 silly audit   '@babel/plugin-transform-export-namespace-from': [ '7.29.7' ],
40 silly audit   '@babel/plugin-transform-flow-strip-types': [ '7.29.7' ],
40 silly audit   '@babel/plugin-transform-for-of': [ '7.29.7' ],
40 silly audit   '@babel/plugin-transform-logical-assignment-operators': [ '7.29.7' ],
40 silly audit   '@babel/plugin-transform-modules-commonjs': [ '7.29.7' ],
40 silly audit   '@babel/plugin-transform-named-capturing-groups-regex': [ '7.29.7' ],
40 silly audit   '@babel/plugin-transform-nullish-coalescing-operator': [ '7.29.7' ],
40 silly audit   '@babel/plugin-transform-object-rest-spread': [ '7.29.7' ],
40 silly audit   '@babel/plugin-transform-optional-catch-binding': [ '7.29.7' ],
40 silly audit   '@babel/plugin-transform-optional-chaining': [ '7.29.7' ],
40 silly audit   '@babel/plugin-transform-parameters': [ '7.29.7' ],
40 silly audit   '@babel/plugin-transform-private-methods': [ '7.29.7' ],
40 silly audit   '@babel/plugin-transform-private-property-in-object': [ '7.29.7' ],
40 silly audit   '@babel/plugin-transform-react-display-name': [ '7.29.7' ],
40 silly audit   '@babel/plugin-transform-react-jsx': [ '7.29.7' ],
40 silly audit   '@babel/plugin-transform-react-jsx-development': [ '7.29.7' ],
40 silly audit   '@babel/plugin-transform-react-jsx-self': [ '7.29.7' ],
40 silly audit   '@babel/plugin-transform-react-jsx-source': [ '7.29.7' ],
40 silly audit   '@babel/plugin-transform-react-pure-annotations': [ '7.29.7' ],
40 silly audit   '@babel/plugin-transform-regenerator': [ '7.29.8' ],
40 silly audit   '@babel/plugin-transform-runtime': [ '7.29.7' ],
40 silly audit   '@babel/plugin-transform-shorthand-properties': [ '7.29.7' ],
40 silly audit   '@babel/plugin-transform-template-literals': [ '7.29.7' ],
40 silly audit   '@babel/plugin-transform-typescript': [ '7.29.7' ],
40 silly audit   '@babel/plugin-transform-unicode-regex': [ '7.29.7' ],
40 silly audit   '@babel/preset-typescript': [ '7.29.7' ],
40 silly audit   '@babel/runtime': [ '7.29.7' ],
40 silly audit   '@babel/template': [ '7.29.7' ],
40 silly audit   '@babel/traverse': [ '7.29.8' ],
40 silly audit   '@babel/types': [ '7.29.8' ],
40 silly audit   '@callstack/react-theme-provider': [ '3.0.9' ],
40 silly audit   deepmerge: [ '3.3.0', '4.3.1' ],
40 silly audit   '@egjs/hammerjs': [ '2.0.17' ],
40 silly audit   '@expo-google-fonts/material-symbols': [ '0.4.43' ],
40 silly audit   '@expo/code-signing-certificates': [ '0.0.6' ],
40 silly audit   '@expo/config': [ '57.0.7' ],
40 silly audit   '@expo/config-plugins': [ '57.0.7' ],
40 silly audit   '@expo/config-types': [ '57.0.2' ],
40 silly audit   '@expo/devcert': [ '1.2.1' ],
40 silly audit   debug: [ '3.2.7', '2.6.9', '4.4.3' ],
40 silly audit   '@expo/devtools': [ '57.0.1' ],
40 silly audit   '@expo/dom-webview': [ '57.0.1' ],
40 silly audit   '@expo/env': [ '2.4.2' ],
40 silly audit   '@expo/expo-modules-macros-plugin': [ '0.6.1' ],
40 silly audit   '@expo/fingerprint': [ '0.20.7' ],
40 silly audit   '@expo/image-utils': [ '0.11.4' ],
40 silly audit   '@expo/inline-modules': [ '0.1.5' ],
40 silly audit   '@expo/json-file': [ '11.0.1' ],
40 silly audit   '@expo/local-build-cache-provider': [ '57.0.6' ],
40 silly audit   '@expo/log-box': [ '57.0.2' ],
40 silly audit   '@expo/metro': [ '56.0.0' ],
40 silly audit   '@expo/metro-config': [ '57.0.8' ],
40 silly audit   '@expo/metro-file-map': [ '57.0.1' ],
40 silly audit   '@expo/metro-runtime': [ '57.0.9' ],
40 silly audit   '@expo/osascript': [ '2.7.1' ],
40 silly audit   '@expo/package-manager': [ '1.13.1' ],
40 silly audit   '@expo/plist': [ '0.8.1' ],
40 silly audit   '@expo/prebuild-config': [ '57.0.11' ],
40 silly audit   '@expo/require-utils': [ '57.0.4' ],
40 silly audit   '@expo/schema-utils': [ '57.0.2' ],
40 silly audit   '@expo/sdk-runtime-versions': [ '1.0.0' ],
40 silly audit   '@expo/spawn-async': [ '1.8.0' ],
40 silly audit   '@expo/sudo-prompt': [ '9.3.2' ],
40 silly audit   '@expo/ui': [ '57.0.10' ],
40 silly audit   '@expo/xcpretty': [ '4.4.4' ],
40 silly audit   '@hookform/resolvers': [ '5.7.1' ],
40 silly audit   '@isaacs/ttlcache': [ '1.4.1' ],
40 silly audit   '@jest/schemas': [ '29.6.3' ],
40 silly audit   '@jest/types': [ '29.6.3' ],
40 silly audit   '@jridgewell/gen-mapping': [ '0.3.13' ],
40 silly audit   '@jridgewell/remapping': [ '2.3.5' ],
40 silly audit   '@jridgewell/resolve-uri': [ '3.1.2' ],
40 silly audit   '@jridgewell/source-map': [ '0.3.11' ],
40 silly audit   '@jridgewell/sourcemap-codec': [ '1.5.5' ],
40 silly audit   '@jridgewell/trace-mapping': [ '0.3.31' ],
40 silly audit   '@radix-ui/primitive': [ '1.1.7' ],
40 silly audit   '@radix-ui/react-collection': [ '1.1.15' ],
40 silly audit   '@radix-ui/react-compose-refs': [ '1.1.5' ],
40 silly audit   '@radix-ui/react-context': [ '1.2.2' ],
40 silly audit   '@radix-ui/react-dialog': [ '1.1.23' ],
40 silly audit   '@radix-ui/react-direction': [ '1.1.4' ],
40 silly audit   '@radix-ui/react-dismissable-layer': [ '1.1.19' ],
40 silly audit   '@radix-ui/react-focus-guards': [ '1.1.6' ],
40 silly audit   '@radix-ui/react-focus-scope': [ '1.1.16' ],
40 silly audit   '@radix-ui/react-id': [ '1.1.4' ],
40 silly audit   '@radix-ui/react-portal': [ '1.1.17' ],
40 silly audit   '@radix-ui/react-presence': [ '1.1.10' ],
40 silly audit   '@radix-ui/react-primitive': [ '2.1.10' ],
40 silly audit   '@radix-ui/react-roving-focus': [ '1.1.19' ],
40 silly audit   '@radix-ui/react-slot': [ '1.3.3' ],
40 silly audit   '@radix-ui/react-tabs': [ '1.1.21' ],
40 silly audit   '@radix-ui/react-use-callback-ref': [ '1.1.4' ],
40 silly audit   '@radix-ui/react-use-controllable-state': [ '1.2.6' ],
40 silly audit   '@radix-ui/react-use-effect-event': [ '0.0.5' ],
40 silly audit   '@radix-ui/react-use-is-hydrated': [ '0.1.3' ],
40 silly audit   '@radix-ui/react-use-layout-effect': [ '1.1.4' ],
40 silly audit   '@react-native-async-storage/async-storage': [ '3.1.1' ],
40 silly audit   '@react-native-masked-view/masked-view': [ '0.3.2' ],
40 silly audit   '@react-native/assets-registry': [ '0.86.2' ],
40 silly audit   '@react-native/babel-plugin-codegen': [ '0.86.2' ],
40 silly audit   '@react-native/babel-preset': [ '0.86.2' ],
40 silly audit   'babel-plugin-syntax-hermes-parser': [ '0.36.0', '0.36.1' ],
40 silly audit   'hermes-estree': [ '0.36.0', '0.36.1', '0.35.0' ],
40 silly audit   'hermes-parser': [ '0.36.0', '0.36.1', '0.35.0' ],
40 silly audit   '@react-native/codegen': [ '0.86.2' ],
40 silly audit   '@react-native/community-cli-plugin': [ '0.86.2' ],
40 silly audit   '@react-native/debugger-frontend': [ '0.86.2' ],
40 silly audit   '@react-native/debugger-shell': [ '0.86.2' ],
40 silly audit   '@react-native/dev-middleware': [ '0.86.2' ],
40 silly audit   '@react-native/gradle-plugin': [ '0.86.2' ],
40 silly audit   '@react-native/js-polyfills': [ '0.86.2' ],
40 silly audit   '@react-native/metro-babel-transformer': [ '0.86.2' ],
40 silly audit   '@react-native/metro-config': [ '0.86.2' ],
40 silly audit   '@react-native/normalize-colors': [ '0.86.2', '0.74.89' ],
40 silly audit   '@react-native/virtualized-lists': [ '0.86.2' ],
40 silly audit   '@sinclair/typebox': [ '0.27.12' ],
40 silly audit   '@standard-schema/utils': [ '0.3.0' ],
40 silly audit   '@testing-library/dom': [ '10.4.1' ],
40 silly audit   'ansi-styles': [ '5.2.0', '4.3.0', '3.2.1' ],
40 silly audit   'pretty-format': [ '27.5.1', '29.7.0' ],
40 silly audit   'react-is': [ '17.0.2', '16.13.1', '18.3.1', '19.2.8' ],
40 silly audit   '@testing-library/jest-dom': [ '6.9.1' ],
40 silly audit   'dom-accessibility-api': [ '0.6.3', '0.5.16' ],
40 silly audit   '@testing-library/user-event': [ '14.6.4' ],
40 silly audit   '@types/aria-query': [ '5.0.4' ],
40 silly audit   '@types/hammerjs': [ '2.0.46' ],
40 silly audit   '@types/istanbul-lib-coverage': [ '2.0.6' ],
40 silly audit   '@types/istanbul-lib-report': [ '3.0.3' ],
40 silly audit   '@types/istanbul-reports': [ '3.0.4' ],
40 silly audit   '@types/node': [ '26.2.0' ],
40 silly audit   '@types/react': [ '19.2.18' ],
40 silly audit   '@types/react-test-renderer': [ '19.1.0' ],
40 silly audit   '@types/yargs': [ '17.0.35' ],
40 silly audit   '@types/yargs-parser': [ '21.0.3' ],
40 silly audit   '@ungap/structured-clone': [ '1.3.3' ],
40 silly audit   '@xmldom/xmldom': [ '0.8.14', '0.9.11' ],
40 silly audit   'abort-controller': [ '3.0.0' ],
40 silly audit   accepts: [ '2.0.0', '1.3.8' ],
40 silly audit   'mime-db': [ '1.54.0', '1.52.0' ],
40 silly audit   'mime-types': [ '3.0.2', '2.1.35' ],
40 silly audit   acorn: [ '8.18.0' ],
40 silly audit   'agent-base': [ '6.0.2', '7.1.4' ],
40 silly audit   'agent-cli-detector': [ '0.1.5' ],
40 silly audit   anser: [ '1.4.10' ],
40 silly audit   'ansi-escapes': [ '4.3.2' ],
40 silly audit   'type-fest': [ '0.21.3', '0.7.1' ],
40 silly audit   'ansi-regex': [ '5.0.1', '4.1.1' ],
40 silly audit   arg: [ '5.0.2' ],
40 silly audit   argparse: [ '2.0.1' ],
40 silly audit   'aria-hidden': [ '1.2.6' ],
40 silly audit   'aria-query': [ '5.3.0' ],
40 silly audit   asap: [ '2.0.6' ],
40 silly audit   asynckit: [ '0.4.0' ],
40 silly audit   axios: [ '1.19.0' ],
40 silly audit   'babel-plugin-polyfill-corejs2': [ '0.4.17' ],
40 silly audit   'babel-plugin-polyfill-corejs3': [ '0.13.0' ],
40 silly audit   'babel-plugin-polyfill-regenerator': [ '0.6.8' ],
40 silly audit   'babel-plugin-react-compiler': [ '1.0.0' ],
40 silly audit   'babel-plugin-react-native-web': [ '0.21.2' ],
40 silly audit   'babel-plugin-transform-flow-enums': [ '0.0.2' ],
40 silly audit   'babel-preset-expo': [ '57.0.6' ],
40 silly audit   'balanced-match': [ '4.0.4' ],
40 silly audit   'base64-js': [ '1.5.1' ],
40 silly audit   'baseline-browser-mapping': [ '2.11.13' ],
40 silly audit   'big-integer': [ '1.6.52' ],
40 silly audit   boolbase: [ '1.0.0' ],
40 silly audit   'bplist-creator': [ '0.1.0' ],
40 silly audit   'bplist-parser': [ '0.3.1' ],
40 silly audit   'brace-expansion': [ '5.0.9' ],
40 silly audit   braces: [ '3.0.3' ],
40 silly audit   browserslist: [ '4.28.8' ],
40 silly audit   bser: [ '2.1.1' ],
40 silly audit   'buffer-from': [ '1.1.2' ],
40 silly audit   bytes: [ '3.1.2' ],
40 silly audit   'call-bind-apply-helpers': [ '1.0.2' ],
40 silly audit   camelcase: [ '6.3.0' ],
40 silly audit   'caniuse-lite': [ '1.0.30001809' ],
40 silly audit   chalk: [ '4.1.2', '2.4.2' ],
40 silly audit   'chrome-launcher': [ '0.15.2' ],
40 silly audit   'chromium-edge-launcher': [ '0.3.0' ],
40 silly audit   'ci-info': [ '2.0.0', '3.9.0' ],
40 silly audit   'cli-cursor': [ '2.1.0' ],
40 silly audit   'cli-spinners': [ '2.9.2' ],
40 silly audit   'client-only': [ '0.0.1' ],
40 silly audit   cliui: [ '8.0.1' ],
40 silly audit   clone: [ '1.0.4' ],
40 silly audit   color: [ '4.2.3', '3.2.1' ],
40 silly audit   'color-convert': [ '2.0.1', '1.9.3' ],
40 silly audit   'color-name': [ '1.1.4', '1.1.3' ],
40 silly audit   'color-string': [ '1.9.1' ],
40 silly audit   'combined-stream': [ '1.0.8' ],
40 silly audit   commander: [ '7.2.0', '12.1.0', '2.20.3' ],
40 silly audit   compressible: [ '2.0.18' ],
40 silly audit   compression: [ '1.8.1' ],
40 silly audit   ms: [ '2.0.0', '2.1.3' ],
40 silly audit   negotiator: [ '0.6.4', '0.6.3', '1.0.0' ],
40 silly audit   connect: [ '3.7.0' ],
40 silly audit   'convert-source-map': [ '2.0.0' ],
40 silly audit   'core-js-compat': [ '3.50.0' ],
40 silly audit   'cross-fetch': [ '3.2.0' ],
40 silly audit   'cross-spawn': [ '7.0.6' ],
40 silly audit   'css-in-js-utils': [ '3.1.0' ],
40 silly audit   'css-select': [ '5.2.2' ],
40 silly audit   'css-tree': [ '1.1.3' ],
40 silly audit   'source-map': [ '0.6.1', '0.5.7' ],
40 silly audit   'css-what': [ '6.2.2' ],
40 silly audit   'css.escape': [ '1.5.1' ],
40 silly audit   csstype: [ '3.2.3' ],
40 silly audit   'decode-uri-component': [ '0.2.2' ],
40 silly audit   defaults: [ '1.0.4' ],
40 silly audit   'delayed-stream': [ '1.0.0' ],
40 silly audit   depd: [ '2.0.0' ],
40 silly audit   dequal: [ '2.0.3' ],
40 silly audit   destroy: [ '1.2.0' ],
40 silly audit   'detect-libc': [ '2.1.2' ],
40 silly audit   'detect-node-es': [ '1.1.0' ],
40 silly audit   'dnssd-advertise': [ '1.1.6' ],
40 silly audit   'dom-serializer': [ '2.0.0' ],
40 silly audit   domelementtype: [ '2.3.0' ],
40 silly audit   domhandler: [ '5.0.3' ],
40 silly audit   domutils: [ '3.2.2' ],
40 silly audit   'dunder-proto': [ '1.0.1' ],
40 silly audit   'ee-first': [ '1.1.1' ],
40 silly audit   'electron-to-chromium': [ '1.5.405' ],
40 silly audit   'emoji-regex': [ '8.0.0' ],
40 silly audit   encodeurl: [ '1.0.2', '2.0.0' ],
40 silly audit   entities: [ '4.5.0' ],
40 silly audit   'error-stack-parser': [ '2.1.4' ],
40 silly audit   'es-define-property': [ '1.0.1' ],
40 silly audit   'es-errors': [ '1.3.0' ],
40 silly audit   'es-object-atoms': [ '1.1.2' ],
40 silly audit   'es-set-tostringtag': [ '2.1.0' ],
40 silly audit   escalade: [ '3.2.0' ],
40 silly audit   'escape-html': [ '1.0.3' ],
40 silly audit   'escape-string-regexp': [ '4.0.0', '1.0.5' ],
40 silly audit   etag: [ '1.8.1' ],
40 silly audit   'event-target-shim': [ '5.0.1' ],
40 silly audit   expo: [ '57.0.12' ],
40 silly audit   'expo-asset': [ '57.0.10' ],
40 silly audit   'expo-constants': [ '57.0.10' ],
40 silly audit   'expo-device': [ '57.0.1' ],
40 silly audit   'expo-file-system': [ '57.0.2' ],
40 silly audit   'expo-font': [ '57.0.1' ],
40 silly audit   'expo-glass-effect': [ '57.0.1' ],
40 silly audit   'expo-image': [ '57.0.2' ],
40 silly audit   'expo-keep-awake': [ '57.0.1' ],
40 silly audit   'expo-linking': [ '57.0.5' ],
40 silly audit   'expo-modules-autolinking': [ '57.0.9' ],
40 silly audit   'expo-modules-core': [ '57.0.10' ],
40 silly audit   'expo-modules-jsi': [ '57.0.4' ],
40 silly audit   'expo-print': [ '57.0.1' ],
40 silly audit   'expo-router': [ '57.0.12' ],
40 silly audit   'expo-server': [ '57.0.2' ],
40 silly audit   'expo-sharing': [ '57.0.11' ],
40 silly audit   'expo-splash-screen': [ '57.0.6' ],
40 silly audit   'expo-status-bar': [ '57.0.1' ],
40 silly audit   'expo-symbols': [ '57.0.2' ],
40 silly audit   'expo-system-ui': [ '57.0.2' ],
40 silly audit   'expo-web-browser': [ '57.0.2' ],
40 silly audit   '@expo/cli': [ '57.0.14' ],
40 silly audit   '@expo/router-server': [ '57.0.5' ],
40 silly audit   '@expo/ws-tunnel': [ '2.0.0' ],
40 silly audit   ws: [ '8.21.3', '7.5.13' ],
40 silly audit   zod: [ '3.25.76', '4.4.3' ],
40 silly audit   'exponential-backoff': [ '3.1.3' ],
40 silly audit   'fast-deep-equal': [ '3.1.3' ],
40 silly audit   'fb-dotslash': [ '0.5.8' ],
40 silly audit   'fb-watchman': [ '2.0.2' ],
40 silly audit   fbjs: [ '3.0.5' ],
40 silly audit   'fbjs-css-vars': [ '1.0.2' ],
40 silly audit   promise: [ '7.3.1', '8.3.0' ],
40 silly audit   'ua-parser-js': [ '1.0.41', '0.7.41' ],
40 silly audit   fdir: [ '6.5.0' ],
40 silly audit   'fetch-nodeshim': [ '0.4.10' ],
40 silly audit   'fill-range': [ '7.1.1' ],
40 silly audit   'filter-obj': [ '1.1.0' ],
40 silly audit   finalhandler: [ '1.1.2' ],
40 silly audit   'flow-enums-runtime': [ '0.0.6' ],
40 silly audit   'follow-redirects': [ '1.16.0' ],
40 silly audit   fontfaceobserver: [ '2.3.0' ],
40 silly audit   'form-data': [ '4.0.6' ],
40 silly audit   fresh: [ '0.5.2' ],
40 silly audit   'function-bind': [ '1.1.2' ],
40 silly audit   gensync: [ '1.0.0-beta.2' ],
40 silly audit   'get-caller-file': [ '2.0.5' ],
40 silly audit   'get-intrinsic': [ '1.3.0' ],
40 silly audit   'get-nonce': [ '1.0.1' ],
40 silly audit   'get-proto': [ '1.0.1' ],
40 silly audit   getenv: [ '2.0.0' ],
40 silly audit   glob: [ '13.0.6' ],
40 silly audit   gopd: [ '1.2.0' ],
40 silly audit   'graceful-fs': [ '4.2.11' ],
40 silly audit   'has-flag': [ '4.0.0', '3.0.0' ],
40 silly audit   'has-symbols': [ '1.1.0' ],
40 silly audit   'has-tostringtag': [ '1.0.2' ],
40 silly audit   hasown: [ '2.0.4' ],
40 silly audit   'hermes-compiler': [ '250829098.0.16' ],
40 silly audit   'hoist-non-react-statics': [ '3.3.2' ],
40 silly audit   'hosted-git-info': [ '7.0.2' ],
40 silly audit   'lru-cache': [ '10.4.3', '5.1.1', '11.5.2' ],
40 silly audit   'http-errors': [ '2.0.1' ],
40 silly audit   statuses: [ '2.0.2', '1.5.0' ],
40 silly audit   'https-proxy-agent': [ '5.0.1', '7.0.6' ],
40 silly audit   'hyphenate-style-name': [ '1.1.0' ],
40 silly audit   idb: [ '8.0.3' ],
40 silly audit   ignore: [ '5.3.2' ],
40 silly audit   'image-size': [ '1.2.1' ],
40 silly audit   'indent-string': [ '4.0.0' ],
40 silly audit   inherits: [ '2.0.4' ],
40 silly audit   'inline-style-prefixer': [ '7.0.1' ],
40 silly audit   invariant: [ '2.2.4' ],
40 silly audit   'is-arrayish': [ '0.3.4' ],
40 silly audit   'is-core-module': [ '2.16.2' ],
40 silly audit   'is-docker': [ '2.2.1' ],
40 silly audit   'is-fullwidth-code-point': [ '3.0.0' ],
40 silly audit   'is-number': [ '7.0.0' ],
40 silly audit   'is-wsl': [ '2.2.0' ],
40 silly audit   isexe: [ '2.0.0' ],
40 silly audit   'jest-get-type': [ '29.6.3' ],
40 silly audit   'jest-util': [ '29.7.0' ],
40 silly audit   picomatch: [ '2.3.2', '4.0.5' ],
40 silly audit   'jest-validate': [ '29.7.0' ],
40 silly audit   'jest-worker': [ '29.7.0' ],
40 silly audit   'supports-color': [ '8.1.1', '5.5.0', '7.2.0' ],
40 silly audit   'jimp-compact': [ '0.16.1' ],
40 silly audit   'js-tokens': [ '4.0.0' ],
40 silly audit   'js-yaml': [ '4.3.1' ],
40 silly audit   'jsc-safe-url': [ '0.2.4' ],
40 silly audit   jsesc: [ '3.1.0' ],
40 silly audit   json5: [ '2.2.3' ],
40 silly audit   kleur: [ '3.0.3' ],
40 silly audit   'lan-network': [ '0.2.1' ],
40 silly audit   leven: [ '3.1.0' ],
40 silly audit   'lighthouse-logger': [ '1.4.2' ],
40 silly audit   lightningcss: [ '1.33.0' ],
40 silly audit   'lightningcss-android-arm64': [ '1.33.0' ],
40 silly audit   'lightningcss-darwin-arm64': [ '1.33.0' ],
40 silly audit   'lightningcss-darwin-x64': [ '1.33.0' ],
40 silly audit   'lightningcss-freebsd-x64': [ '1.33.0' ],
40 silly audit   'lightningcss-linux-arm-gnueabihf': [ '1.33.0' ],
40 silly audit   'lightningcss-linux-arm64-gnu': [ '1.33.0' ],
40 silly audit   'lightningcss-linux-arm64-musl': [ '1.33.0' ],
40 silly audit   'lightningcss-linux-x64-gnu': [ '1.33.0' ],
40 silly audit   'lightningcss-linux-x64-musl': [ '1.33.0' ],
40 silly audit   'lightningcss-win32-arm64-msvc': [ '1.33.0' ],
40 silly audit   'lightningcss-win32-x64-msvc': [ '1.33.0' ],
40 silly audit   'lodash.debounce': [ '4.0.8' ],
40 silly audit   'lodash.throttle': [ '4.1.1' ],
40 silly audit   'log-symbols': [ '2.2.0' ],
40 silly audit   'loose-envify': [ '1.4.0' ],
40 silly audit   'lz-string': [ '1.5.0' ],
40 silly audit   makeerror: [ '1.0.12' ],
40 silly audit   marky: [ '1.3.0' ],
40 silly audit   'math-intrinsics': [ '1.1.0' ],
40 silly audit   'mdn-data': [ '2.0.14' ],
40 silly audit   'memoize-one': [ '5.2.1', '6.0.0' ],
40 silly audit   'merge-stream': [ '2.0.0' ],
40 silly audit   metro: [ '0.84.4' ],
40 silly audit   'metro-babel-transformer': [ '0.84.4' ],
40 silly audit   'metro-cache': [ '0.84.4' ],
40 silly audit   'metro-cache-key': [ '0.84.4' ],
40 silly audit   'metro-config': [ '0.84.4' ],
40 silly audit   'metro-core': [ '0.84.4' ],
40 silly audit   'metro-file-map': [ '0.84.4' ],
40 silly audit   'metro-minify-terser': [ '0.84.4' ],
40 silly audit   'metro-resolver': [ '0.84.4' ],
40 silly audit   'metro-runtime': [ '0.84.4' ],
40 silly audit   'metro-source-map': [ '0.84.4' ],
40 silly audit   'metro-symbolicate': [ '0.84.4' ],
40 silly audit   'metro-transform-plugins': [ '0.84.4' ],
40 silly audit   'metro-transform-worker': [ '0.84.4' ],
40 silly audit   micromatch: [ '4.0.8' ],
40 silly audit   mime: [ '1.6.0' ],
40 silly audit   'mimic-fn': [ '1.2.0' ],
40 silly audit   'min-indent': [ '1.0.1' ],
40 silly audit   minimatch: [ '10.2.6' ],
40 silly audit   minipass: [ '7.1.3' ],
40 silly audit   mkdirp: [ '1.0.4' ],
40 silly audit   multitars: [ '1.0.2' ],
40 silly audit   nanoid: [ '3.3.18' ],
40 silly audit   'node-fetch': [ '2.7.0' ],
40 silly audit   'node-forge': [ '1.4.0' ],
40 silly audit   'node-int64': [ '0.4.0' ],
40 silly audit   'node-releases': [ '2.0.53' ],
40 silly audit   'npm-package-arg': [ '11.0.3' ],
40 silly audit   'nth-check': [ '2.1.1' ],
40 silly audit   nullthrows: [ '1.1.1' ],
40 silly audit   ob1: [ '0.84.4' ],
40 silly audit   'object-assign': [ '4.1.1' ],
40 silly audit   'on-finished': [ '2.3.0', '2.4.1' ],
40 silly audit   'on-headers': [ '1.1.0' ],
40 silly audit   onetime: [ '2.0.1' ],
40 silly audit   open: [ '7.4.2' ],
40 silly audit   ora: [ '3.4.0' ],
40 silly audit   'strip-ansi': [ '5.2.0', '6.0.1' ],
40 silly audit   'parse-png': [ '2.1.0' ],
40 silly audit   parseurl: [ '1.3.3' ],
40 silly audit   'path-key': [ '3.1.1' ],
40 silly audit   'path-parse': [ '1.0.7' ],
40 silly audit   'path-scurry': [ '2.0.2' ],
40 silly audit   picocolors: [ '1.1.1' ],
40 silly audit   plist: [ '3.1.1' ],
40 silly audit   pngjs: [ '3.4.0' ],
40 silly audit   postcss: [ '8.5.26' ],
40 silly audit   'postcss-value-parser': [ '4.2.0' ],
40 silly audit   'proc-log': [ '4.2.0' ],
40 silly audit   progress: [ '2.0.3' ],
40 silly audit   prompts: [ '2.4.2' ],
40 silly audit   'proxy-from-env': [ '2.1.0' ],
40 silly audit   'query-string': [ '7.1.3' ],
40 silly audit   queue: [ '6.0.2' ],
40 silly audit   'range-parser': [ '1.2.1' ],
40 silly audit   react: [ '19.2.3' ],
40 silly audit   'react-devtools-core': [ '6.1.5' ],
40 silly audit   'react-dom': [ '19.2.3' ],
40 silly audit   'react-fast-compare': [ '3.2.2' ],
40 silly audit   'react-freeze': [ '1.0.4' ],
40 silly audit   'react-hook-form': [ '7.85.0' ],
40 silly audit   'react-native': [ '0.86.2' ],
40 silly audit   'react-native-drawer-layout': [ '4.2.10' ],
40 silly audit   'react-native-gesture-handler': [ '2.32.0' ],
40 silly audit   'react-native-is-edge-to-edge': [ '1.3.1' ],
40 silly audit   'react-native-paper': [ '5.15.3' ],
40 silly audit   'react-native-reanimated': [ '4.5.1' ],
40 silly audit   'react-native-safe-area-context': [ '5.7.0' ],
40 silly audit   'react-native-screens': [ '4.26.2' ],
40 silly audit   'react-native-svg': [ '15.15.5' ],
40 silly audit   'react-native-web': [ '0.21.2' ],
40 silly audit   'react-native-worklets': [ '0.10.1' ],
40 silly audit   'react-refresh': [ '0.14.2' ],
40 silly audit   'react-remove-scroll': [ '2.7.2' ],
40 silly audit   'react-remove-scroll-bar': [ '2.3.8' ],
40 silly audit   'react-style-singleton': [ '2.2.3' ],
40 silly audit   redent: [ '3.0.0' ],
40 silly audit   regenerate: [ '1.4.2' ],
40 silly audit   'regenerate-unicode-properties': [ '10.2.2' ],
40 silly audit   'regenerator-runtime': [ '0.13.11' ],
40 silly audit   'regexpu-core': [ '6.4.0' ],
40 silly audit   regjsgen: [ '0.8.0' ],
40 silly audit   regjsparser: [ '0.13.2' ],
40 silly audit   'require-directory': [ '2.1.1' ],
40 silly audit   resolve: [ '1.22.12' ],
40 silly audit   'resolve-from': [ '5.0.0' ],
40 silly audit   'resolve-workspace-root': [ '2.0.1' ],
40 silly audit   'restore-cursor': [ '2.0.0' ],
40 silly audit   'safe-buffer': [ '5.2.1' ],
40 silly audit   sax: [ '1.6.1' ],
40 silly audit   scheduler: [ '0.27.0' ],
40 silly audit   send: [ '0.19.2' ],
40 silly audit   'serialize-error': [ '2.1.0' ],
40 silly audit   'serve-static': [ '1.16.3' ],
40 silly audit   'server-only': [ '0.0.1' ],
40 silly audit   setimmediate: [ '1.0.5' ],
40 silly audit   setprototypeof: [ '1.2.0' ],
40 silly audit   'sf-symbols-typescript': [ '2.2.0' ],
40 silly audit   shallowequal: [ '1.1.0' ],
40 silly audit   'shebang-command': [ '2.0.0' ],
40 silly audit   'shebang-regex': [ '3.0.0' ],
40 silly audit   'shell-quote': [ '1.10.0' ],
40 silly audit   'signal-exit': [ '3.0.7' ],
40 silly audit   'simple-plist': [ '1.3.1' ],
40 silly audit   'simple-swizzle': [ '0.2.4' ],
40 silly audit   sisteransi: [ '1.0.5' ],
40 silly audit   slugify: [ '1.6.9' ],
40 silly audit   'source-map-js': [ '1.2.1' ],
40 silly audit   'source-map-support': [ '0.5.21' ],
40 silly audit   'split-on-first': [ '1.1.0' ],
40 silly audit   stackframe: [ '1.3.4' ],
40 silly audit   'stacktrace-parser': [ '0.1.11' ],
40 silly audit   'standard-navigation': [ '0.0.5' ],
40 silly audit   'stream-buffers': [ '2.2.0' ],
40 silly audit   'strict-uri-encode': [ '2.0.0' ],
40 silly audit   'string-width': [ '4.2.3' ],
40 silly audit   'strip-indent': [ '3.0.0' ],
40 silly audit   'structured-headers': [ '0.4.1' ],
40 silly audit   styleq: [ '0.1.3' ],
40 silly audit   'supports-hyperlinks': [ '2.3.0' ],
40 silly audit   'supports-preserve-symlinks-flag': [ '1.0.0' ],
40 silly audit   'terminal-link': [ '2.1.1' ],
40 silly audit   terser: [ '5.50.0' ],
40 silly audit   throat: [ '5.0.0' ],
40 silly audit   tinyglobby: [ '0.2.17' ],
40 silly audit   tmpl: [ '1.0.5' ],
40 silly audit   'to-regex-range': [ '5.0.1' ],
40 silly audit   toidentifier: [ '1.0.1' ],
40 silly audit   toqr: [ '0.1.1' ],
40 silly audit   tr46: [ '0.0.3' ],
40 silly audit   tslib: [ '2.8.1' ],
40 silly audit   typescript: [ '6.0.3' ],
40 silly audit   'undici-types': [ '8.3.0' ],
40 silly audit   'unicode-canonical-property-names-ecmascript': [ '2.0.1' ],
40 silly audit   'unicode-match-property-ecmascript': [ '2.0.0' ],
40 silly audit   'unicode-match-property-value-ecmascript': [ '2.2.1' ],
40 silly audit   'unicode-property-aliases-ecmascript': [ '2.2.0' ],
40 silly audit   unpipe: [ '1.0.0' ],
40 silly audit   'update-browserslist-db': [ '1.3.1' ],
40 silly audit   'use-callback-ref': [ '1.3.3' ],
40 silly audit   'use-latest-callback': [ '0.2.6' ],
40 silly audit   'use-sidecar': [ '1.1.3' ],
40 silly audit   'utils-merge': [ '1.0.1' ],
40 silly audit   uuid: [ '7.0.3' ],
40 silly audit   'validate-npm-package-name': [ '5.0.1' ],
40 silly audit   vary: [ '1.1.2' ],
40 silly audit   vaul: [ '1.1.2' ],
40 silly audit   vlq: [ '1.0.1' ],
40 silly audit   walker: [ '1.0.8' ],
40 silly audit   'warn-once': [ '0.1.1' ],
40 silly audit   wcwidth: [ '1.0.1' ],
40 silly audit   'webidl-conversions': [ '3.0.1' ],
40 silly audit   'whatwg-fetch': [ '3.6.20' ],
40 silly audit   'whatwg-url': [ '5.0.0' ],
40 silly audit   'whatwg-url-minimum': [ '0.1.2' ],
40 silly audit   which: [ '2.0.2' ],
40 silly audit   'wrap-ansi': [ '7.0.0' ],
40 silly audit   xcode: [ '3.0.1' ],
40 silly audit   xml2js: [ '0.6.0' ],
40 silly audit   xmlbuilder: [ '11.0.1', '15.1.1' ],
40 silly audit   y18n: [ '5.0.8' ],
40 silly audit   yallist: [ '3.1.1' ],
40 silly audit   yaml: [ '2.9.0' ],
40 silly audit   yargs: [ '17.7.3' ],
40 silly audit   'yargs-parser': [ '21.1.1' ],
40 silly audit   zustand: [ '5.0.15' ],
40 silly audit   'lucide-react-native': [ '1.31.0' ]
40 silly audit }
41 http fetch POST 200 https://registry.npmjs.org/-/npm/v1/security/advisories/bulk 981ms
42 silly audit report {
42 silly audit report   'image-size': [
42 silly audit report     {
42 silly audit report       id: 1138808,
42 silly audit report       url: 'https://github.com/advisories/GHSA-w3rx-r6r6-pgpr',
42 silly audit report       title: 'image-size: ICNS parser allows denial of service through an infinite loop',
42 silly audit report       severity: 'high',
42 silly audit report       vulnerable_versions: '<=2.0.2',
42 silly audit report       cwe: [Array],
42 silly audit report       cvss: [Object]
42 silly audit report     },
42 silly audit report     {
42 silly audit report       id: 1138809,
42 silly audit report       url: 'https://github.com/advisories/GHSA-5p2g-fcmc-qvqq',
42 silly audit report       title: 'image-size: JXL and HEIF parsers allow denial of service through infinite loops',
42 silly audit report       severity: 'high',
42 silly audit report       vulnerable_versions: '<=2.0.2',
42 silly audit report       cwe: [Array],
42 silly audit report       cvss: [Object]
42 silly audit report     }
42 silly audit report   ],
42 silly audit report   uuid: [
42 silly audit report     {
42 silly audit report       id: 1119441,
42 silly audit report       url: 'https://github.com/advisories/GHSA-w5hq-g745-h8pq',
42 silly audit report       title: 'uuid: Missing buffer bounds check in v3/v5/v6 when buf is provided',
42 silly audit report       severity: 'moderate',
42 silly audit report       vulnerable_versions: '<11.1.1',
42 silly audit report       cwe: [Array],
42 silly audit report       cvss: [Object]
42 silly audit report     }
42 silly audit report   ]
42 silly audit report }
43 silly packumentCache corgi:https://registry.npmjs.org/image-size cache-miss
44 silly packumentCache corgi:https://registry.npmjs.org/uuid cache-miss
45 http fetch GET 200 https://registry.npmjs.org/image-size 799ms (cache miss)
46 silly packumentCache corgi:https://registry.npmjs.org/image-size set size:undefined disposed:false
47 http fetch GET 200 https://registry.npmjs.org/uuid 974ms (cache miss)
48 silly packumentCache corgi:https://registry.npmjs.org/uuid set size:undefined disposed:false
49 silly packumentCache corgi:https://registry.npmjs.org/metro cache-miss
50 http fetch GET 200 https://registry.npmjs.org/metro 138ms (cache miss)
51 silly packumentCache corgi:https://registry.npmjs.org/metro set size:undefined disposed:false
52 silly packumentCache corgi:https://registry.npmjs.org/xcode cache-miss
53 http fetch GET 200 https://registry.npmjs.org/xcode 357ms (cache miss)
54 silly packumentCache corgi:https://registry.npmjs.org/xcode set size:undefined disposed:false
55 silly packumentCache corgi:https://registry.npmjs.org/@expo%2fmetro cache-miss
56 silly packumentCache corgi:https://registry.npmjs.org/@react-native%2fcommunity-cli-plugin cache-miss
57 silly packumentCache corgi:https://registry.npmjs.org/metro-config cache-miss
58 silly packumentCache corgi:https://registry.npmjs.org/metro-transform-worker cache-miss
59 http fetch GET 200 https://registry.npmjs.org/metro-transform-worker 104ms (cache miss)
60 silly packumentCache corgi:https://registry.npmjs.org/metro-transform-worker set size:undefined disposed:false
61 http fetch GET 200 https://registry.npmjs.org/@react-native%2fcommunity-cli-plugin 433ms (cache miss)
62 silly packumentCache corgi:https://registry.npmjs.org/@react-native%2fcommunity-cli-plugin set size:undefined disposed:false
63 http fetch GET 200 https://registry.npmjs.org/@expo%2fmetro 799ms (cache miss)
64 silly packumentCache corgi:https://registry.npmjs.org/@expo%2fmetro set size:undefined disposed:false
65 http fetch GET 200 https://registry.npmjs.org/metro-config 839ms (cache miss)
66 silly packumentCache corgi:https://registry.npmjs.org/metro-config set size:undefined disposed:false
67 silly packumentCache corgi:https://registry.npmjs.org/@expo%2fconfig-plugins cache-miss
68 http fetch GET 200 https://registry.npmjs.org/@expo%2fconfig-plugins 121ms (cache miss)
69 silly packumentCache corgi:https://registry.npmjs.org/@expo%2fconfig-plugins set size:undefined disposed:false
70 silly packumentCache corgi:https://registry.npmjs.org/react-native cache-miss
71 http fetch GET 200 https://registry.npmjs.org/react-native 416ms (cache miss)
72 silly packumentCache corgi:https://registry.npmjs.org/react-native set size:undefined disposed:false
73 silly packumentCache corgi:https://registry.npmjs.org/@expo%2fmetro-config cache-miss
74 silly packumentCache corgi:https://registry.npmjs.org/expo cache-miss
75 silly packumentCache corgi:https://registry.npmjs.org/@expo%2fcli cache-miss
76 http fetch GET 200 https://registry.npmjs.org/@expo%2fmetro-config 293ms (cache miss)
77 silly packumentCache corgi:https://registry.npmjs.org/@expo%2fmetro-config set size:undefined disposed:false
78 http fetch GET 200 https://registry.npmjs.org/expo 365ms (cache miss)
79 silly packumentCache corgi:https://registry.npmjs.org/expo set size:undefined disposed:false
80 http fetch GET 200 https://registry.npmjs.org/@expo%2fcli 553ms (cache miss)
81 silly packumentCache corgi:https://registry.npmjs.org/@expo%2fcli set size:undefined disposed:false
82 silly packumentCache corgi:https://registry.npmjs.org/@react-native%2fmetro-config cache-miss
83 http fetch GET 200 https://registry.npmjs.org/@react-native%2fmetro-config 893ms (cache miss)
84 silly packumentCache corgi:https://registry.npmjs.org/@react-native%2fmetro-config set size:undefined disposed:false
85 silly packumentCache corgi:https://registry.npmjs.org/@expo%2fconfig cache-miss
86 silly packumentCache corgi:https://registry.npmjs.org/@expo%2finline-modules cache-miss
87 silly packumentCache corgi:https://registry.npmjs.org/@expo%2fprebuild-config cache-miss
88 silly packumentCache corgi:https://registry.npmjs.org/expo-sharing cache-miss
89 silly packumentCache corgi:https://registry.npmjs.org/expo-splash-screen cache-miss
90 http fetch GET 200 https://registry.npmjs.org/@expo%2finline-modules 672ms (cache miss)
91 silly packumentCache corgi:https://registry.npmjs.org/@expo%2finline-modules set size:undefined disposed:false
92 http fetch GET 200 https://registry.npmjs.org/expo-splash-screen 739ms (cache miss)
93 silly packumentCache corgi:https://registry.npmjs.org/expo-splash-screen set size:undefined disposed:false
94 http fetch GET 200 https://registry.npmjs.org/@expo%2fprebuild-config 840ms (cache miss)
95 silly packumentCache corgi:https://registry.npmjs.org/@expo%2fprebuild-config set size:undefined disposed:false
96 http fetch GET 200 https://registry.npmjs.org/@expo%2fconfig 1013ms (cache miss)
97 silly packumentCache corgi:https://registry.npmjs.org/@expo%2fconfig set size:undefined disposed:false
98 http fetch GET 200 https://registry.npmjs.org/expo-sharing 1138ms (cache miss)
99 silly packumentCache corgi:https://registry.npmjs.org/expo-sharing set size:undefined disposed:false
100 silly packumentCache corgi:https://registry.npmjs.org/@expo%2fdevtools cache-miss
101 silly packumentCache corgi:https://registry.npmjs.org/@expo%2fdom-webview cache-miss
102 silly packumentCache corgi:https://registry.npmjs.org/@expo%2flog-box cache-miss
103 silly packumentCache corgi:https://registry.npmjs.org/@expo%2fmetro-runtime cache-miss
104 silly packumentCache corgi:https://registry.npmjs.org/@expo%2fui cache-miss
105 silly packumentCache corgi:https://registry.npmjs.org/@react-native-async-storage%2fasync-storage cache-miss
106 silly packumentCache corgi:https://registry.npmjs.org/@react-native-masked-view%2fmasked-view cache-miss
107 silly packumentCache corgi:https://registry.npmjs.org/@react-native%2fvirtualized-lists cache-miss
108 silly packumentCache corgi:https://registry.npmjs.org/expo-asset cache-miss
109 silly packumentCache corgi:https://registry.npmjs.org/expo-constants cache-miss
110 silly packumentCache corgi:https://registry.npmjs.org/expo-file-system cache-miss
111 silly packumentCache corgi:https://registry.npmjs.org/expo-font cache-miss
112 silly packumentCache corgi:https://registry.npmjs.org/expo-glass-effect cache-miss
113 silly packumentCache corgi:https://registry.npmjs.org/expo-image cache-miss
114 silly packumentCache corgi:https://registry.npmjs.org/expo-linking cache-miss
115 silly packumentCache corgi:https://registry.npmjs.org/expo-modules-core cache-miss
116 silly packumentCache corgi:https://registry.npmjs.org/expo-modules-jsi cache-miss
117 silly packumentCache corgi:https://registry.npmjs.org/expo-print cache-miss
118 silly packumentCache corgi:https://registry.npmjs.org/expo-router cache-miss
119 silly packumentCache corgi:https://registry.npmjs.org/expo-status-bar cache-miss
120 silly packumentCache corgi:https://registry.npmjs.org/expo-symbols cache-miss
121 silly packumentCache corgi:https://registry.npmjs.org/expo-system-ui cache-miss
122 silly packumentCache corgi:https://registry.npmjs.org/expo-web-browser cache-miss
123 silly packumentCache corgi:https://registry.npmjs.org/react-native-drawer-layout cache-miss
124 silly packumentCache corgi:https://registry.npmjs.org/react-native-gesture-handler cache-miss
125 silly packumentCache corgi:https://registry.npmjs.org/react-native-is-edge-to-edge cache-miss
126 silly packumentCache corgi:https://registry.npmjs.org/react-native-paper cache-miss
127 silly packumentCache corgi:https://registry.npmjs.org/react-native-reanimated cache-miss
128 silly packumentCache corgi:https://registry.npmjs.org/react-native-safe-area-context cache-miss
129 silly packumentCache corgi:https://registry.npmjs.org/react-native-screens cache-miss
130 silly packumentCache corgi:https://registry.npmjs.org/react-native-svg cache-miss
131 silly packumentCache corgi:https://registry.npmjs.org/react-native-worklets cache-miss
132 silly packumentCache corgi:https://registry.npmjs.org/lucide-react-native cache-miss
133 http fetch GET 200 https://registry.npmjs.org/@expo%2fdom-webview 763ms (cache miss)
134 silly packumentCache corgi:https://registry.npmjs.org/@expo%2fdom-webview set size:undefined disposed:false
135 http fetch GET 200 https://registry.npmjs.org/@react-native-async-storage%2fasync-storage 890ms (cache miss)
136 silly packumentCache corgi:https://registry.npmjs.org/@react-native-async-storage%2fasync-storage set size:undefined disposed:false
137 http fetch GET 200 https://registry.npmjs.org/@expo%2fmetro-runtime 1144ms (cache miss)
138 silly packumentCache corgi:https://registry.npmjs.org/@expo%2fmetro-runtime set size:undefined disposed:false
139 http fetch GET 200 https://registry.npmjs.org/@react-native-masked-view%2fmasked-view 1189ms (cache miss)
140 silly packumentCache corgi:https://registry.npmjs.org/@react-native-masked-view%2fmasked-view set size:undefined disposed:false
141 http fetch GET 200 https://registry.npmjs.org/react-native-is-edge-to-edge 1225ms (cache miss)
142 silly packumentCache corgi:https://registry.npmjs.org/react-native-is-edge-to-edge set size:undefined disposed:false
143 http fetch GET 200 https://registry.npmjs.org/expo-glass-effect 1358ms (cache miss)
144 silly packumentCache corgi:https://registry.npmjs.org/expo-glass-effect set size:undefined disposed:false
145 http fetch GET 200 https://registry.npmjs.org/@expo%2fdevtools 1398ms (cache miss)
146 silly packumentCache corgi:https://registry.npmjs.org/@expo%2fdevtools set size:undefined disposed:false
147 http fetch GET 200 https://registry.npmjs.org/react-native-drawer-layout 1374ms (cache miss)
148 silly packumentCache corgi:https://registry.npmjs.org/react-native-drawer-layout set size:undefined disposed:false
149 http fetch GET 200 https://registry.npmjs.org/expo-print 1705ms (cache miss)
150 silly packumentCache corgi:https://registry.npmjs.org/expo-print set size:undefined disposed:false
151 http fetch GET 200 https://registry.npmjs.org/expo-system-ui 1745ms (cache miss)
152 silly packumentCache corgi:https://registry.npmjs.org/expo-system-ui set size:undefined disposed:false
153 http fetch GET 200 https://registry.npmjs.org/expo-font 1847ms (cache miss)
154 silly packumentCache corgi:https://registry.npmjs.org/expo-font set size:undefined disposed:false
155 http fetch GET 200 https://registry.npmjs.org/react-native-svg 1926ms (cache miss)
156 silly packumentCache corgi:https://registry.npmjs.org/react-native-svg set size:undefined disposed:false
157 http fetch GET 200 https://registry.npmjs.org/expo-modules-jsi 2232ms (cache miss)
158 silly packumentCache corgi:https://registry.npmjs.org/expo-modules-jsi set size:undefined disposed:false
159 http fetch GET 200 https://registry.npmjs.org/react-native-paper 2319ms (cache miss)
160 silly packumentCache corgi:https://registry.npmjs.org/react-native-paper set size:undefined disposed:false
161 http fetch GET 200 https://registry.npmjs.org/expo-web-browser 2397ms (cache miss)
162 silly packumentCache corgi:https://registry.npmjs.org/expo-web-browser set size:undefined disposed:false
163 http fetch GET 200 https://registry.npmjs.org/@expo%2flog-box 2475ms (cache miss)
164 silly packumentCache corgi:https://registry.npmjs.org/@expo%2flog-box set size:undefined disposed:false
165 http fetch GET 200 https://registry.npmjs.org/react-native-safe-area-context 2479ms (cache miss)
166 silly packumentCache corgi:https://registry.npmjs.org/react-native-safe-area-context set size:undefined disposed:false
167 http fetch GET 200 https://registry.npmjs.org/@expo%2fui 2544ms (cache miss)
168 silly packumentCache corgi:https://registry.npmjs.org/@expo%2fui set size:undefined disposed:false
169 http fetch GET 200 https://registry.npmjs.org/expo-symbols 2583ms (cache miss)
170 silly packumentCache corgi:https://registry.npmjs.org/expo-symbols set size:undefined disposed:false
171 http fetch GET 200 https://registry.npmjs.org/expo-file-system 2633ms (cache miss)
172 silly packumentCache corgi:https://registry.npmjs.org/expo-file-system set size:undefined disposed:false
173 http fetch GET 200 https://registry.npmjs.org/expo-constants 2675ms (cache miss)
174 silly packumentCache corgi:https://registry.npmjs.org/expo-constants set size:undefined disposed:false
175 http fetch GET 200 https://registry.npmjs.org/react-native-gesture-handler 2689ms (cache miss)
176 silly packumentCache corgi:https://registry.npmjs.org/react-native-gesture-handler set size:undefined disposed:false
177 http fetch GET 200 https://registry.npmjs.org/expo-asset 2878ms (cache miss)
178 silly packumentCache corgi:https://registry.npmjs.org/expo-asset set size:undefined disposed:false
179 http fetch GET 200 https://registry.npmjs.org/expo-status-bar 2914ms (cache miss)
180 silly packumentCache corgi:https://registry.npmjs.org/expo-status-bar set size:undefined disposed:false
181 http fetch GET 200 https://registry.npmjs.org/expo-linking 2973ms (cache miss)
182 silly packumentCache corgi:https://registry.npmjs.org/expo-linking set size:undefined disposed:false
183 http fetch GET 200 https://registry.npmjs.org/expo-image 3015ms (cache miss)
184 silly packumentCache corgi:https://registry.npmjs.org/expo-image set size:undefined disposed:false
185 http fetch GET 200 https://registry.npmjs.org/expo-modules-core 3079ms (cache miss)
186 silly packumentCache corgi:https://registry.npmjs.org/expo-modules-core set size:undefined disposed:false
187 http fetch GET 200 https://registry.npmjs.org/@react-native%2fvirtualized-lists 3137ms (cache miss)
188 silly packumentCache corgi:https://registry.npmjs.org/@react-native%2fvirtualized-lists set size:undefined disposed:false
189 http fetch GET 200 https://registry.npmjs.org/react-native-worklets 3737ms (cache miss)
190 silly packumentCache corgi:https://registry.npmjs.org/react-native-worklets set size:undefined disposed:false
191 http fetch GET 200 https://registry.npmjs.org/lucide-react-native 4091ms (cache miss)
192 silly packumentCache corgi:https://registry.npmjs.org/lucide-react-native set size:undefined disposed:false
193 http fetch GET 200 https://registry.npmjs.org/expo-router 4164ms (cache miss)
194 silly packumentCache corgi:https://registry.npmjs.org/expo-router set size:undefined disposed:false
195 http fetch GET 200 https://registry.npmjs.org/react-native-screens 4198ms (cache miss)
196 silly packumentCache corgi:https://registry.npmjs.org/react-native-screens set size:undefined disposed:false
197 http fetch GET 200 https://registry.npmjs.org/react-native-reanimated 4560ms (cache miss)
198 silly packumentCache corgi:https://registry.npmjs.org/react-native-reanimated set size:undefined disposed:false
199 silly packumentCache corgi:https://registry.npmjs.org/babel-preset-expo cache-miss
200 silly packumentCache corgi:https://registry.npmjs.org/expo-device cache-miss
201 silly packumentCache corgi:https://registry.npmjs.org/expo-keep-awake cache-miss
202 silly packumentCache corgi:https://registry.npmjs.org/@expo%2frouter-server cache-miss
203 http fetch GET 200 https://registry.npmjs.org/expo-keep-awake 4063ms (cache miss)
204 silly packumentCache corgi:https://registry.npmjs.org/expo-keep-awake set size:undefined disposed:false
205 http fetch GET 200 https://registry.npmjs.org/expo-device 4163ms (cache miss)
206 silly packumentCache corgi:https://registry.npmjs.org/expo-device set size:undefined disposed:false
207 http fetch GET 200 https://registry.npmjs.org/@expo%2frouter-server 4258ms (cache miss)
208 silly packumentCache corgi:https://registry.npmjs.org/@expo%2frouter-server set size:undefined disposed:false
209 http fetch GET 200 https://registry.npmjs.org/babel-preset-expo 4339ms (cache miss)
210 silly packumentCache corgi:https://registry.npmjs.org/babel-preset-expo set size:undefined disposed:false
211 silly packumentCache corgi:https://registry.npmjs.org/@expo%2flocal-build-cache-provider cache-miss
212 http fetch GET 200 https://registry.npmjs.org/@expo%2flocal-build-cache-provider 1158ms (cache miss)
213 silly packumentCache corgi:https://registry.npmjs.org/@expo%2flocal-build-cache-provider set size:undefined disposed:false
214 verbose cwd /home/jermeine/Documentos/UI/sorteo-app
215 verbose os Linux 6.12.101+deb13-amd64
216 verbose node v24.18.0
217 verbose npm  v11.16.0
218 verbose exit 0
219 info ok
