0 verbose cli /home/jermeine/.nvm/versions/node/v24.18.0/bin/node /home/jermeine/.nvm/versions/node/v24.18.0/bin/npm
1 info using npm@11.16.0
2 info using node@v24.18.0
3 silly config load:file:/home/jermeine/.nvm/versions/node/v24.18.0/lib/node_modules/npm/npmrc
4 silly config load:file:/home/jermeine/Documentos/UI/sorteo-app/.npmrc
5 silly config load:file:/home/jermeine/Documentos/UI/sorteo-app/.npm-home/.npmrc
6 silly config load:file:/home/jermeine/.nvm/versions/node/v24.18.0/etc/npmrc
7 verbose title npm install
8 verbose argv "install" "--include" "dev" "--no-audit" "--no-fund"
9 verbose logfile logs-max:10 dir:/home/jermeine/Documentos/UI/sorteo-app/.npm-cache/_logs/2026-08-13T04_45_13_265Z-
10 verbose logfile /home/jermeine/Documentos/UI/sorteo-app/.npm-cache/_logs/2026-08-13T04_45_13_265Z-debug-0.log
11 silly logfile done cleaning log files
12 silly packumentCache heap:2348810240 maxSize:587202560 maxEntrySize:293601280
13 silly idealTree buildDeps
14 silly reify mark retired [
14 silly reify   '/home/jermeine/Documentos/UI/sorteo-app/node_modules/react-native',
14 silly reify   '/home/jermeine/Documentos/UI/sorteo-app/node_modules/.bin/react-native'
14 silly reify ]
15 silly reify moves {
15 silly reify   '/home/jermeine/Documentos/UI/sorteo-app/node_modules/react-native': '/home/jermeine/Documentos/UI/sorteo-app/node_modules/.react-native-DBx8LqHj',
15 silly reify   '/home/jermeine/Documentos/UI/sorteo-app/node_modules/.bin/react-native': '/home/jermeine/Documentos/UI/sorteo-app/node_modules/.bin/.react-native-vtmxXUfb'
15 silly reify }
16 http cache react-native@https://registry.npmjs.org/react-native/-/react-native-0.86.2.tgz 4ms (cache hit)
17 silly CHANGE node_modules/react-native
18 verbose cwd /home/jermeine/Documentos/UI/sorteo-app
19 verbose os Linux 6.12.101+deb13-amd64
20 verbose node v24.18.0
21 verbose npm  v11.16.0
22 verbose exit 0
23 info ok
